PASS al/src/Assembly/AssemblyApi.Page.al uses DOPSWHS prefix
PASS al/src/Assembly/AssemblyHeaderExt.PageExt.al uses DOPSWHS prefix
PASS al/src/Assembly/AssemblyLineApi.Page.al uses DOPSWHS prefix
PASS al/src/Assembly/AssemblyMgmt.Codeunit.al uses DOPSWHS prefix
PASS al/src/Barcode/BarcodeParseApi.Page.al uses DOPSWHS prefix
PASS al/src/Barcode/BarcodeParser.Codeunit.al uses DOPSWHS prefix
PASS al/src/Barcode/BarcodeRule.Table.al uses DOPSWHS prefix
PASS al/src/Barcode/BarcodeRuleList.Page.al uses DOPSWHS prefix
PASS al/src/Barcode/GS1AIParser.Codeunit.al uses DOPSWHS prefix
PASS al/src/Barcode/Symbology.Table.al uses DOPSWHS prefix
PASS al/src/Barcode/SymbologyList.Page.al uses DOPSWHS prefix
PASS al/src/ControlAddIn/BoardData.Codeunit.al uses DOPSWHS prefix
PASS al/src/ControlAddIn/LpBrowserPage.Page.al uses DOPSWHS prefix
PASS al/src/ControlAddIn/OpsConsolePage.Page.al uses DOPSWHS prefix
PASS al/src/ControlAddIn/PickBoardPage.Page.al uses DOPSWHS prefix
PASS al/src/Count/CountApi.Page.al uses DOPSWHS prefix
PASS al/src/Count/CountBinReview.Page.al uses DOPSWHS prefix
PASS al/src/Count/CountCounter.Table.al uses DOPSWHS prefix
PASS al/src/Count/CountCounterListPart.Page.al uses DOPSWHS prefix
PASS al/src/Count/CountMgmt.Codeunit.al uses DOPSWHS prefix
PASS al/src/Count/CountOpsApi.Page.al uses DOPSWHS prefix
PASS al/src/Count/CountSheetCard.Page.al uses DOPSWHS prefix
PASS al/src/Count/CountSheetHeader.Table.al uses DOPSWHS prefix
PASS al/src/Count/CountSheetLine.Table.al uses DOPSWHS prefix
PASS al/src/Count/CountSheetLineApi.Page.al uses DOPSWHS prefix
PASS al/src/Count/CountSheetLineListPart.Page.al uses DOPSWHS prefix
PASS al/src/Count/CountSheetList.Page.al uses DOPSWHS prefix
PASS al/src/Count/CountV2Scan.Table.al uses DOPSWHS prefix
PASS al/src/Count/CountVariance.Report.al uses DOPSWHS prefix
PASS al/src/Count/CountVarianceReview.Page.al uses DOPSWHS prefix
PASS al/src/Count/PhysInvJournalExt.PageExt.al uses DOPSWHS prefix
PASS al/src/DemoE2E/DemoE2EApi.Page.al uses DOPSWHS prefix
PASS al/src/DemoE2E/DemoE2ECue.Page.al uses DOPSWHS prefix
PASS al/src/DemoE2E/DemoE2ECue.Table.al uses DOPSWHS prefix
PASS al/src/DemoE2E/DemoE2EResult.Table.al uses DOPSWHS prefix
PASS al/src/DemoE2E/DemoE2EResults.Page.al uses DOPSWHS prefix
PASS al/src/DemoE2E/DemoE2EStatus.Enum.al uses DOPSWHS prefix
PASS al/src/DemoE2E/DemoE2ESuite.Codeunit.al uses DOPSWHS prefix
PASS al/src/Device/AppProfileMgmt.Codeunit.al uses DOPSWHS prefix
PASS al/src/Device/AppUserProfile.Table.al uses DOPSWHS prefix
PASS al/src/Device/AppUserProfileApi.Page.al uses DOPSWHS prefix
PASS al/src/Device/AppUserProfileCard.Page.al uses DOPSWHS prefix
PASS al/src/Device/AppUserProfileList.Page.al uses DOPSWHS prefix
PASS al/src/Device/DeviceApi.Page.al uses DOPSWHS prefix
PASS al/src/Device/DeviceAuth.Codeunit.al uses DOPSWHS prefix
PASS al/src/Device/DeviceColumn.Table.al uses DOPSWHS prefix
PASS al/src/Device/DeviceColumnList.Page.al uses DOPSWHS prefix
PASS al/src/Device/DeviceConfig.Table.al uses DOPSWHS prefix
PASS al/src/Device/DeviceConfigCard.Page.al uses DOPSWHS prefix
PASS al/src/Device/DeviceConfigList.Page.al uses DOPSWHS prefix
PASS al/src/Device/DeviceMenu.Table.al uses DOPSWHS prefix
PASS al/src/Device/DeviceMenuList.Page.al uses DOPSWHS prefix
PASS al/src/Device/DeviceRegistration.Table.al uses DOPSWHS prefix
PASS al/src/Device/DeviceRegistrationList.Page.al uses DOPSWHS prefix
PASS al/src/Enums/ApplicationModule.Enum.al uses DOPSWHS prefix
PASS al/src/Enums/AssignedDocType.Enum.al uses DOPSWHS prefix
PASS al/src/Enums/BarcodeMapTarget.Enum.al uses DOPSWHS prefix
PASS al/src/Enums/CountMode.Enum.al uses DOPSWHS prefix
PASS al/src/Enums/LPAction.Enum.al uses DOPSWHS prefix
PASS al/src/Enums/LPStatus.Enum.al uses DOPSWHS prefix
PASS al/src/Enums/LoginMode.Enum.al uses DOPSWHS prefix
PASS al/src/Enums/PartialUseAction.Enum.al uses DOPSWHS prefix
PASS al/src/Enums/ScanSource.Enum.al uses DOPSWHS prefix
PASS al/src/Enums/Symbology.Enum.al uses DOPSWHS prefix
PASS al/src/Events/LegacyWIPublisher.Codeunit.al uses DOPSWHS prefix
PASS al/src/Events/WebhookAudit.Table.al uses DOPSWHS prefix
PASS al/src/Events/WebhookMgmt.Codeunit.al uses DOPSWHS prefix
PASS al/src/Inquiry/ActiveLPContents.Page.al uses DOPSWHS prefix
PASS al/src/Inquiry/BinApi.Page.al uses DOPSWHS prefix
PASS al/src/Inquiry/BinCardExt.PageExt.al uses DOPSWHS prefix
PASS al/src/Inquiry/BinContentApi.Page.al uses DOPSWHS prefix
PASS al/src/Inquiry/BinContentExt.TableExt.al uses DOPSWHS prefix
PASS al/src/Inquiry/ItemApi.Page.al uses DOPSWHS prefix
PASS al/src/Inquiry/ItemCardExt.PageExt.al uses DOPSWHS prefix
PASS al/src/Inquiry/ItemExt.TableExt.al uses DOPSWHS prefix
PASS al/src/Inquiry/ItemLedgerEntriesExt.PageExt.al uses DOPSWHS prefix
PASS al/src/Inquiry/ItemLedgerEntryApi.Page.al uses DOPSWHS prefix
PASS al/src/Inquiry/ItemUnitOfMeasureApi.Page.al uses DOPSWHS prefix
PASS al/src/Inquiry/LPFactboxBin.Page.al uses DOPSWHS prefix
PASS al/src/Inquiry/LPFactboxItem.Page.al uses DOPSWHS prefix
PASS al/src/Inquiry/WarehouseEntriesExt.PageExt.al uses DOPSWHS prefix
PASS al/src/Inquiry/WarehouseEntryApi.Page.al uses DOPSWHS prefix
PASS al/src/Inquiry/WhseEntryExt.TableExt.al uses DOPSWHS prefix
PASS al/src/LPPropagation/ItemJournalLineExt.TableExt.al uses DOPSWHS prefix
PASS al/src/LPPropagation/ItemLedgerEntryExt.TableExt.al uses DOPSWHS prefix
PASS al/src/LPPropagation/LPPropagationSubscriber.Codeunit.al uses DOPSWHS prefix
PASS al/src/LPPropagation/PostedWhseReceiptHdrExt.TableExt.al uses DOPSWHS prefix
PASS al/src/LPPropagation/PostedWhseShipmentHdrExt.TableExt.al uses DOPSWHS prefix
PASS al/src/LPPropagation/PurchRcptLineExt.TableExt.al uses DOPSWHS prefix
PASS al/src/LPPropagation/RegdWhseActivityLineExt.TableExt.al uses DOPSWHS prefix
PASS al/src/LPPropagation/SalesShipmentLineExt.TableExt.al uses DOPSWHS prefix
PASS al/src/LPPropagation/ValueEntryExt.TableExt.al uses DOPSWHS prefix
PASS al/src/LPPropagation/WarehouseJournalLineExt.TableExt.al uses DOPSWHS prefix
PASS al/src/LPPropagation/WhseReceiptHeaderExt.TableExt.al uses DOPSWHS prefix
PASS al/src/LPPropagation/WhseShipmentHeaderExt.TableExt.al uses DOPSWHS prefix
PASS al/src/LicensePlate/BinContentSubscriber.Codeunit.al uses DOPSWHS prefix
PASS al/src/LicensePlate/LPApi.Page.al uses DOPSWHS prefix
PASS al/src/LicensePlate/LPBulkBuildRequest.Table.al uses DOPSWHS prefix
PASS al/src/LicensePlate/LPCard.Page.al uses DOPSWHS prefix
PASS al/src/LicensePlate/LPHeader.Table.al uses DOPSWHS prefix
PASS al/src/LicensePlate/LPLabel.Report.al uses DOPSWHS prefix
PASS al/src/LicensePlate/LPLine.Table.al uses DOPSWHS prefix
PASS al/src/LicensePlate/LPLineApi.Page.al uses DOPSWHS prefix
PASS al/src/LicensePlate/LPLineListPart.Page.al uses DOPSWHS prefix
PASS al/src/LicensePlate/LPList.Page.al uses DOPSWHS prefix
PASS al/src/LicensePlate/LPManagement.Codeunit.al uses DOPSWHS prefix
PASS al/src/LicensePlate/LPMovementLedger.Page.al uses DOPSWHS prefix
PASS al/src/LicensePlate/LPMovementLedger.Table.al uses DOPSWHS prefix
PASS al/src/LicensePlate/LPNestManager.Codeunit.al uses DOPSWHS prefix
PASS al/src/LicensePlate/LPQrDocument.Report.al uses DOPSWHS prefix
PASS al/src/LicensePlate/LPTemplate.Table.al uses DOPSWHS prefix
PASS al/src/LicensePlate/LPTemplateApi.Page.al uses DOPSWHS prefix
PASS al/src/LicensePlate/LPTemplateList.Page.al uses DOPSWHS prefix
PASS al/src/LicensePlate/LotSerialGenerator.Codeunit.al uses DOPSWHS prefix
PASS al/src/LicensePlate/SSCCGenerator.Codeunit.al uses DOPSWHS prefix
PASS al/src/Licensing/LicenseFeature.Enum.al uses DOPSWHS prefix
PASS al/src/Licensing/LicenseMgmt.Codeunit.al uses DOPSWHS prefix
PASS al/src/Licensing/LicenseStatus.Enum.al uses DOPSWHS prefix
PASS al/src/Licensing/LicenseTier.Enum.al uses DOPSWHS prefix
PASS al/src/LocalAuth/LocalAuthMgmt.Codeunit.al uses DOPSWHS prefix
PASS al/src/LocalAuth/LocalUser.Table.al uses DOPSWHS prefix
PASS al/src/LocalAuth/LocalUserApi.Page.al uses DOPSWHS prefix
PASS al/src/LocalAuth/LocalUserCard.Page.al uses DOPSWHS prefix
PASS al/src/LocalAuth/LocalUserList.Page.al uses DOPSWHS prefix
PASS al/src/Movement/MovementApi.Page.al uses DOPSWHS prefix
PASS al/src/Movement/MovementLineApi.Page.al uses DOPSWHS prefix
PASS al/src/Movement/MovementMgmt.Codeunit.al uses DOPSWHS prefix
PASS al/src/Movement/MovementOpsApi.Page.al uses DOPSWHS prefix
PASS al/src/Pack/PackMode.Enum.al uses DOPSWHS prefix
PASS al/src/Pack/PackOpsApi.Page.al uses DOPSWHS prefix
PASS al/src/Pack/PackSession.Table.al uses DOPSWHS prefix
PASS al/src/Pack/PackSessionApi.Page.al uses DOPSWHS prefix
PASS al/src/Pack/PackSessionLine.Table.al uses DOPSWHS prefix
PASS al/src/Pack/PackSessionLineApi.Page.al uses DOPSWHS prefix
PASS al/src/Pack/PackSessionList.Page.al uses DOPSWHS prefix
PASS al/src/Pack/PackSessionSubform.Page.al uses DOPSWHS prefix
PASS al/src/Pack/PackStation.Page.al uses DOPSWHS prefix
PASS al/src/Pack/PackStationBulk.Page.al uses DOPSWHS prefix
PASS al/src/Pack/PackStationMgmt.Codeunit.al uses DOPSWHS prefix
PASS al/src/Pack/PackStationMonoSku.Page.al uses DOPSWHS prefix
PASS al/src/Pack/PackStationSolo.Page.al uses DOPSWHS prefix
PASS al/src/Pack/PackStatus.Enum.al uses DOPSWHS prefix
PASS al/src/Pack/PackingOrder.Table.al uses DOPSWHS prefix
PASS al/src/Pack/PackingOrderApi.Page.al uses DOPSWHS prefix
PASS al/src/Pack/PackingOrderCard.Page.al uses DOPSWHS prefix
PASS al/src/Pack/PackingOrderList.Page.al uses DOPSWHS prefix
PASS al/src/Pack/PackingOrderStatus.Enum.al uses DOPSWHS prefix
PASS al/src/Permissions/PermissionHelper.Codeunit.al uses DOPSWHS prefix
PASS al/src/Pick/LPPickPreference.Codeunit.al uses DOPSWHS prefix
PASS al/src/Pick/MonoOrders.Page.al uses DOPSWHS prefix
PASS al/src/Pick/MultiOrderPick.Codeunit.al uses DOPSWHS prefix
PASS al/src/Pick/MultiOrders.Page.al uses DOPSWHS prefix
PASS al/src/Pick/PickApi.Page.al uses DOPSWHS prefix
PASS al/src/Pick/PickLineApi.Page.al uses DOPSWHS prefix
PASS al/src/Pick/PickMgmt.Codeunit.al uses DOPSWHS prefix
PASS al/src/Pick/PickMode.Enum.al uses DOPSWHS prefix
PASS al/src/Pick/PickQueue.Page.al uses DOPSWHS prefix
PASS al/src/Pick/PickToteAssignment.Table.al uses DOPSWHS prefix
PASS al/src/Pick/PickToteAssignmentList.Page.al uses DOPSWHS prefix
PASS al/src/Pick/PickingOrderApi.Page.al uses DOPSWHS prefix
PASS al/src/Pick/PickingOrderCard.Page.al uses DOPSWHS prefix
PASS al/src/Pick/PickingOrderHeader.Table.al uses DOPSWHS prefix
PASS al/src/Pick/PickingOrderLine.Table.al uses DOPSWHS prefix
PASS al/src/Pick/PickingOrderLines.Page.al uses DOPSWHS prefix
PASS al/src/Pick/PickingOrderList.Page.al uses DOPSWHS prefix
PASS al/src/Pick/PickingOrderMgmt.Codeunit.al uses DOPSWHS prefix
PASS al/src/Pick/PickingOrderStatus.Enum.al uses DOPSWHS prefix
PASS al/src/Pick/PickingOrderSuggestion.Table.al uses DOPSWHS prefix
PASS al/src/Pick/PickingOrderSuggestions.Page.al uses DOPSWHS prefix
PASS al/src/Pick/ReassignHistory.Table.al uses DOPSWHS prefix
PASS al/src/Pick/ShortPickReason.Table.al uses DOPSWHS prefix
PASS al/src/Pick/ShortPickReasonList.Page.al uses DOPSWHS prefix
PASS al/src/Pick/SingleSkuOrders.Page.al uses DOPSWHS prefix
PASS al/src/Pick/WhseActivityHeaderExt.TableExt.al uses DOPSWHS prefix
PASS al/src/Pick/WhsePickHeaderExt.PageExt.al uses DOPSWHS prefix
PASS al/src/Print/AzurePrintBridge.Codeunit.al uses DOPSWHS prefix
PASS al/src/Print/AzurePrintSecrets.Page.al uses DOPSWHS prefix
PASS al/src/Print/AzurePrintStatus.Codeunit.al uses DOPSWHS prefix
PASS al/src/Print/AzurePrintTasks.Codeunit.al uses DOPSWHS prefix
PASS al/src/Print/AzurePrintTasks.Codeunit.al uses DOPSWHS prefix
PASS al/src/Print/BCPrinterProvider.Codeunit.al uses DOPSWHS prefix
PASS al/src/Print/BarcodePrintTest.Report.al uses DOPSWHS prefix
PASS al/src/Print/DevicePrinterMap.Table.al uses DOPSWHS prefix
PASS al/src/Print/DevicePrinterMapping.Page.al uses DOPSWHS prefix
PASS al/src/Print/IWXReportSelection.Table.al uses DOPSWHS prefix
PASS al/src/Print/IWXReportSelectionPage.Page.al uses DOPSWHS prefix
PASS al/src/Print/IWXReportUsage.Enum.al uses DOPSWHS prefix
PASS al/src/Print/PrintDispatcher.Codeunit.al uses DOPSWHS prefix
PASS al/src/Print/PrintFormat.Enum.al uses DOPSWHS prefix
PASS al/src/Print/PrintJobLog.Page.al uses DOPSWHS prefix
PASS al/src/Print/PrintJobLog.Table.al uses DOPSWHS prefix
PASS al/src/Print/PrintJobQueue.Page.al uses DOPSWHS prefix
PASS al/src/Print/PrintJobQueue.Table.al uses DOPSWHS prefix
PASS al/src/Print/PrintNodeClient.Codeunit.al uses DOPSWHS prefix
PASS al/src/Print/PrintQueueCleanup.Codeunit.al uses DOPSWHS prefix
PASS al/src/Print/Printer.Table.al uses DOPSWHS prefix
PASS al/src/Print/PrinterAgentApi.Page.al uses DOPSWHS prefix
PASS al/src/Print/PrinterApi.Page.al uses DOPSWHS prefix
PASS al/src/Print/PrinterCard.Page.al uses DOPSWHS prefix
PASS al/src/Print/PrinterList.Page.al uses DOPSWHS prefix
PASS al/src/Print/SelfHostedPrintApi.Page.al uses DOPSWHS prefix
PASS al/src/Print/SelfHostedPrintClient.Codeunit.al uses DOPSWHS prefix
PASS al/src/Print/ZplEncoder.Codeunit.al uses DOPSWHS prefix
PASS al/src/Production/ConsumptionApi.Page.al uses DOPSWHS prefix
PASS al/src/Production/OutputApi.Page.al uses DOPSWHS prefix
PASS al/src/Production/ProdLPFactbox.Page.al uses DOPSWHS prefix
PASS al/src/Production/ProdMgmt.Codeunit.al uses DOPSWHS prefix
PASS al/src/Production/ProdOrderExt.PageExt.al uses DOPSWHS prefix
PASS al/src/PutAway/DirectedPutAway.Codeunit.al uses DOPSWHS prefix
PASS al/src/PutAway/PutAwayApi.Page.al uses DOPSWHS prefix
PASS al/src/PutAway/PutAwayLineApi.Page.al uses DOPSWHS prefix
PASS al/src/PutAway/WhseActivityExt.PageExt.al uses DOPSWHS prefix
PASS al/src/PutAway/WhseActivityLineExt.TableExt.al uses DOPSWHS prefix
PASS al/src/Quality/QualityMgmt.Codeunit.al uses DOPSWHS prefix
PASS al/src/Quality/QualityOrder.Table.al uses DOPSWHS prefix
PASS al/src/Quality/QualityOrderApi.Page.al uses DOPSWHS prefix
PASS al/src/QualityMgmt/QualityMgmtBridge.Codeunit.al uses DOPSWHS prefix
PASS al/src/Receiving/LotNoInformationExt.TableExt.al uses DOPSWHS prefix
PASS al/src/Receiving/PostedWhseReceiptLineExt.TableExt.al uses DOPSWHS prefix
PASS al/src/Receiving/PurchaseOrderExt.PageExt.al uses DOPSWHS prefix
PASS al/src/Receiving/ReceiptApi.Page.al uses DOPSWHS prefix
PASS al/src/Receiving/ReceiptLineApi.Page.al uses DOPSWHS prefix
PASS al/src/Receiving/ReceiptMgmt.Codeunit.al uses DOPSWHS prefix
PASS al/src/Receiving/ReceivingQueue.Page.al uses DOPSWHS prefix
PASS al/src/Receiving/SupplierLotApi.Page.al uses DOPSWHS prefix
PASS al/src/Receiving/TransferOrderExt.PageExt.al uses DOPSWHS prefix
PASS al/src/Receiving/WhseReceiptExt.PageExt.al uses DOPSWHS prefix
PASS al/src/Receiving/WhseReceiptLineExt.TableExt.al uses DOPSWHS prefix
PASS al/src/Role/AppFilterCombine.Enum.al uses DOPSWHS prefix
PASS al/src/Role/AppFilterEntity.Enum.al uses DOPSWHS prefix
PASS al/src/Role/AppRole.Table.al uses DOPSWHS prefix
PASS al/src/Role/AppRoleApi.Page.al uses DOPSWHS prefix
PASS al/src/Role/AppRoleCard.Page.al uses DOPSWHS prefix
PASS al/src/Role/AppRoleFilterMgmt.Codeunit.al uses DOPSWHS prefix
PASS al/src/Role/AppRoleFilterRule.Table.al uses DOPSWHS prefix
PASS al/src/Role/AppRoleFilterRules.Page.al uses DOPSWHS prefix
PASS al/src/Role/AppRoleList.Page.al uses DOPSWHS prefix
PASS al/src/Role/AppRoleSeed.Codeunit.al uses DOPSWHS prefix
PASS al/src/Role/AppUserRole.Table.al uses DOPSWHS prefix
PASS al/src/Role/AppUserRoleApi.Page.al uses DOPSWHS prefix
PASS al/src/Role/AppUserRoleList.Page.al uses DOPSWHS prefix
PASS al/src/Role/AppUserRoles.Page.al uses DOPSWHS prefix
PASS al/src/Role/QuickUserAssign.Page.al uses DOPSWHS prefix
PASS al/src/Role/QuickUserProvisioner.Codeunit.al uses DOPSWHS prefix
PASS al/src/RoleCenter/DynOpsWMSActivities.Page.al uses DOPSWHS prefix
PASS al/src/RoleCenter/DynOpsWMSCue.Table.al uses DOPSWHS prefix
PASS al/src/RoleCenter/DynOpsWMSRC.Page.al uses DOPSWHS prefix
PASS al/src/RoleCenter/PackerActivities.Page.al uses DOPSWHS prefix
PASS al/src/RoleCenter/PackerRC.Page.al uses DOPSWHS prefix
PASS al/src/RoleCenter/WarehouseManagerActivities.Page.al uses DOPSWHS prefix
PASS al/src/RoleCenter/WarehouseManagerCue.Table.al uses DOPSWHS prefix
PASS al/src/RoleCenter/WarehouseManagerRC.Page.al uses DOPSWHS prefix
PASS al/src/Setup/ConfigCheck.Page.al uses DOPSWHS prefix
PASS al/src/Setup/ConfigCheck.Table.al uses DOPSWHS prefix
PASS al/src/Setup/ConfigChecker.Codeunit.al uses DOPSWHS prefix
PASS al/src/Setup/DemoDataSetup.Codeunit.al uses DOPSWHS prefix
PASS al/src/Setup/DemoTransactions.Codeunit.al uses DOPSWHS prefix
PASS al/src/Setup/E2ETestData.Codeunit.al uses DOPSWHS prefix
PASS al/src/Setup/Entitlement.Codeunit.al uses DOPSWHS prefix
PASS al/src/Setup/LPNumberSeriesSetup.Codeunit.al uses DOPSWHS prefix
PASS al/src/Setup/PrintChannel.Enum.al uses DOPSWHS prefix
PASS al/src/Setup/ScenarioGenerator.Codeunit.al uses DOPSWHS prefix
PASS al/src/Setup/Setup.Page.al uses DOPSWHS prefix
PASS al/src/Setup/Setup.Table.al uses DOPSWHS prefix
PASS al/src/Setup/SetupWizard.Codeunit.al uses DOPSWHS prefix
PASS al/src/Setup/WMSTokenHelp.Page.al uses DOPSWHS prefix
PASS al/src/Setup/WebServicePublisher.Codeunit.al uses DOPSWHS prefix
PASS al/src/Ship/AvailableLotApi.Query.al uses DOPSWHS prefix
PASS al/src/Ship/PostedWhseShipmentLineExt.TableExt.al uses DOPSWHS prefix
PASS al/src/Ship/SalesHeaderExt.TableExt.al uses DOPSWHS prefix
PASS al/src/Ship/SalesOrderExt.PageExt.al uses DOPSWHS prefix
PASS al/src/Ship/ShipmentApi.Page.al uses DOPSWHS prefix
PASS al/src/Ship/ShipmentLPFactbox.Page.al uses DOPSWHS prefix
PASS al/src/Ship/ShipmentLineApi.Page.al uses DOPSWHS prefix
PASS al/src/Ship/ShipmentMgmt.Codeunit.al uses DOPSWHS prefix
PASS al/src/Ship/ShipmentQueue.Page.al uses DOPSWHS prefix
PASS al/src/Ship/WhseShipmentExt.PageExt.al uses DOPSWHS prefix
PASS al/src/Ship/WhseShipmentLineExt.TableExt.al uses DOPSWHS prefix
PASS al/src/SourceDocs/PurchSourceApi.Page.al uses DOPSWHS prefix
PASS al/src/SourceDocs/PurchSourceLineApi.Page.al uses DOPSWHS prefix
PASS al/src/SourceDocs/PurchSourceMgmt.Codeunit.al uses DOPSWHS prefix
PASS al/src/SourceDocs/SalesSourceApi.Page.al uses DOPSWHS prefix
PASS al/src/SourceDocs/SalesSourceLineApi.Page.al uses DOPSWHS prefix
PASS al/src/SourceDocs/SalesSourceMgmt.Codeunit.al uses DOPSWHS prefix
PASS al/src/Subcontract/SubcontractComponentApi.Page.al uses DOPSWHS prefix
PASS al/src/Subcontract/SubcontractDispatch.Table.al uses DOPSWHS prefix
PASS al/src/Subcontract/SubcontractEDespatchApi.Page.al uses DOPSWHS prefix
PASS al/src/Subcontract/SubcontractEDespatchMgmt.Codeunit.al uses DOPSWHS prefix
PASS al/src/Subcontract/SubcontractEDespatchOutbox.Table.al uses DOPSWHS prefix
PASS al/src/Subcontract/SubcontractEDespatchTask.Codeunit.al uses DOPSWHS prefix
PASS al/src/Subcontract/SubcontractMgmt.Codeunit.al uses DOPSWHS prefix
PASS al/src/Subcontract/SubcontractOrderApi.Page.al uses DOPSWHS prefix
PASS al/src/Subcontract/SubcontractReceipt.Table.al uses DOPSWHS prefix
PASS al/src/Subcontract/SubcontractReceiptApi.Page.al uses DOPSWHS prefix
PASS al/src/Subcontract/SubcontractReceiptMgmt.Codeunit.al uses DOPSWHS prefix
PASS al/src/Subcontract/SubcontractTransferHeaderExt.TableExt.al uses DOPSWHS prefix
PASS al/src/Subcontract/SubcontractTransferShipmentExt.TableExt.al uses DOPSWHS prefix
PASS al/src/Sync/SyncConflict.Table.al uses DOPSWHS prefix
PASS al/src/Sync/SyncConflictList.Page.al uses DOPSWHS prefix
PASS al/src/Sync/SyncConflictStatus.Enum.al uses DOPSWHS prefix
PASS al/src/Telemetry/Telemetry.Codeunit.al uses DOPSWHS prefix
PASS al/src/Telemetry/TelemetryBuffer.Table.al uses DOPSWHS prefix
PASS al/src/Test/PostingSmokeTest.Codeunit.al uses DOPSWHS prefix
PASS al/src/Test/PostingTestApi.Page.al uses DOPSWHS prefix
PASS al/src/Test/PostingTestResult.Table.al uses DOPSWHS prefix
PASS al/src/Test/TestAutoCount.Codeunit.al uses DOPSWHS prefix
PASS al/src/Test/TestAutoLP.Codeunit.al uses DOPSWHS prefix
PASS al/src/Test/TestAutoMove.Codeunit.al uses DOPSWHS prefix
PASS al/src/Test/TestAutoPickShip.Codeunit.al uses DOPSWHS prefix
PASS al/src/Test/TestAutoProduction.Codeunit.al uses DOPSWHS prefix
PASS al/src/Test/TestAutoReceive.Codeunit.al uses DOPSWHS prefix
PASS al/src/Test/TestAutoSetup.Codeunit.al uses DOPSWHS prefix
PASS al/src/Test/TestAutoSystem.Codeunit.al uses DOPSWHS prefix
PASS al/src/Test/TestCase.Table.al uses DOPSWHS prefix
PASS al/src/Test/TestCaseCard.Page.al uses DOPSWHS prefix
PASS al/src/Test/TestCaseList.Page.al uses DOPSWHS prefix
PASS al/src/Test/TestCatalogSeed.Codeunit.al uses DOPSWHS prefix
PASS al/src/Test/TestCenter.Page.al uses DOPSWHS prefix
PASS al/src/Test/TestEnvironment.Table.al uses DOPSWHS prefix
PASS al/src/Test/TestEnvironmentList.Page.al uses DOPSWHS prefix
PASS al/src/Test/TestResultHelper.Codeunit.al uses DOPSWHS prefix
PASS al/src/Test/TestRun.Table.al uses DOPSWHS prefix
PASS al/src/Test/TestRunApi.Page.al uses DOPSWHS prefix
PASS al/src/Test/TestRunCard.Page.al uses DOPSWHS prefix
PASS al/src/Test/TestRunList.Page.al uses DOPSWHS prefix
PASS al/src/Test/TestRunResult.Table.al uses DOPSWHS prefix
PASS al/src/Test/TestRunResultApi.Page.al uses DOPSWHS prefix
PASS al/src/Test/TestRunResultLines.Page.al uses DOPSWHS prefix
PASS al/src/Test/TestRunner.Codeunit.al uses DOPSWHS prefix
PASS al/src/Test/TestUserGroup.Table.al uses DOPSWHS prefix
PASS al/src/Test/TestUserGroupList.Page.al uses DOPSWHS prefix
PASS al/src/Test/TestUserGroupMember.Table.al uses DOPSWHS prefix
PASS al/src/Test/TestUserGroupMembers.Page.al uses DOPSWHS prefix
PASS al/src/Upgrade/Install.Codeunit.al uses DOPSWHS prefix
PASS al/src/Upgrade/MigrateFromWI.Codeunit.al uses DOPSWHS prefix
PASS al/src/Upgrade/MigrateFromWI.Page.al uses DOPSWHS prefix
PASS al/src/Upgrade/MigrationMapWI.Table.al uses DOPSWHS prefix
PASS al/src/Upgrade/Upgrade.Codeunit.al uses DOPSWHS prefix
