PASS al/src/Assembly/AssemblyApi.Page.al object 72224 mapped
PASS al/src/Assembly/AssemblyHeaderExt.PageExt.al object 72309 mapped
PASS al/src/Assembly/AssemblyLineApi.Page.al object 72230 mapped
PASS al/src/Assembly/AssemblyMgmt.Codeunit.al object 72049 mapped
PASS al/src/Barcode/BarcodeParseApi.Page.al object 72226 mapped
PASS al/src/Barcode/BarcodeParser.Codeunit.al object 72036 mapped
PASS al/src/Barcode/BarcodeRule.Table.al object 72005 mapped
PASS al/src/Barcode/BarcodeRuleList.Page.al object 72067 mapped
PASS al/src/Barcode/GS1AIParser.Codeunit.al object 72037 mapped
PASS al/src/Barcode/Symbology.Table.al object 72006 mapped
PASS al/src/Barcode/SymbologyList.Page.al object 72068 mapped
PASS al/src/ControlAddIn/BoardData.Codeunit.al object 72258 mapped
PASS al/src/ControlAddIn/LpBrowserPage.Page.al object 72099 mapped
PASS al/src/ControlAddIn/OpsConsolePage.Page.al object 72219 mapped
PASS al/src/ControlAddIn/PickBoardPage.Page.al object 72098 mapped
PASS al/src/Count/CountApi.Page.al object 72221 mapped
PASS al/src/Count/CountBinReview.Page.al object 72060 mapped
PASS al/src/Count/CountCounter.Table.al object 72018 mapped
PASS al/src/Count/CountCounterListPart.Page.al object 72482 mapped
PASS al/src/Count/CountMgmt.Codeunit.al object 72050 mapped
PASS al/src/Count/CountOpsApi.Page.al object 72232 mapped
PASS al/src/Count/CountSheetCard.Page.al object 72075 mapped
PASS al/src/Count/CountSheetHeader.Table.al object 72016 mapped
PASS al/src/Count/CountSheetLine.Table.al object 72017 mapped
PASS al/src/Count/CountSheetLineApi.Page.al object 72487 mapped
PASS al/src/Count/CountSheetLineListPart.Page.al object 72481 mapped
PASS al/src/Count/CountSheetList.Page.al object 72074 mapped
PASS al/src/Count/CountV2Scan.Table.al object 72014 mapped
PASS al/src/Count/CountVariance.Report.al object 72093 mapped
PASS al/src/Count/CountVarianceReview.Page.al object 72085 mapped
PASS al/src/Count/PhysInvJournalExt.PageExt.al object 72310 mapped
PASS al/src/DemoE2E/DemoE2EApi.Page.al object 72283 mapped
PASS al/src/DemoE2E/DemoE2ECue.Page.al object 72282 mapped
PASS al/src/DemoE2E/DemoE2ECue.Table.al object 72280 mapped
PASS al/src/DemoE2E/DemoE2EResult.Table.al object 72279 mapped
PASS al/src/DemoE2E/DemoE2EResults.Page.al object 72281 mapped
PASS al/src/DemoE2E/DemoE2EStatus.Enum.al object 72279 mapped
PASS al/src/DemoE2E/DemoE2ESuite.Codeunit.al object 72280 mapped
PASS al/src/Device/AppProfileMgmt.Codeunit.al object 72265 mapped
PASS al/src/Device/AppUserProfile.Table.al object 72262 mapped
PASS al/src/Device/AppUserProfileApi.Page.al object 72266 mapped
PASS al/src/Device/AppUserProfileCard.Page.al object 72264 mapped
PASS al/src/Device/AppUserProfileList.Page.al object 72263 mapped
PASS al/src/Device/DeviceApi.Page.al object 72225 mapped
PASS al/src/Device/DeviceAuth.Codeunit.al object 72038 mapped
PASS al/src/Device/DeviceColumn.Table.al object 72003 mapped
PASS al/src/Device/DeviceColumnList.Page.al object 72065 mapped
PASS al/src/Device/DeviceConfig.Table.al object 72001 mapped
PASS al/src/Device/DeviceConfigCard.Page.al object 72062 mapped
PASS al/src/Device/DeviceConfigList.Page.al object 72063 mapped
PASS al/src/Device/DeviceMenu.Table.al object 72002 mapped
PASS al/src/Device/DeviceMenuList.Page.al object 72064 mapped
PASS al/src/Device/DeviceRegistration.Table.al object 72004 mapped
PASS al/src/Device/DeviceRegistrationList.Page.al object 72066 mapped
PASS al/src/Enums/ApplicationModule.Enum.al object 72209 mapped
PASS al/src/Enums/AssignedDocType.Enum.al object 72098 mapped
PASS al/src/Enums/BarcodeMapTarget.Enum.al object 72210 mapped
PASS al/src/Enums/CountMode.Enum.al object 72206 mapped
PASS al/src/Enums/LPAction.Enum.al object 72201 mapped
PASS al/src/Enums/LPStatus.Enum.al object 72097 mapped
PASS al/src/Enums/LoginMode.Enum.al object 72202 mapped
PASS al/src/Enums/PartialUseAction.Enum.al object 72204 mapped
PASS al/src/Enums/ScanSource.Enum.al object 72099 mapped
PASS al/src/Enums/Symbology.Enum.al object 72200 mapped
PASS al/src/Events/LegacyWIPublisher.Codeunit.al object 72054 mapped
PASS al/src/Events/WebhookAudit.Table.al object 72020 mapped
PASS al/src/Events/WebhookMgmt.Codeunit.al object 72053 mapped
PASS al/src/Inquiry/ActiveLPContents.Page.al object 72485 mapped
PASS al/src/Inquiry/BinApi.Page.al object 72087 mapped
PASS al/src/Inquiry/BinCardExt.PageExt.al object 72301 mapped
PASS al/src/Inquiry/BinContentApi.Page.al object 72097 mapped
PASS al/src/Inquiry/BinContentExt.TableExt.al object 72401 mapped
PASS al/src/Inquiry/ItemApi.Page.al object 72086 mapped
PASS al/src/Inquiry/ItemCardExt.PageExt.al object 72300 mapped
PASS al/src/Inquiry/ItemExt.TableExt.al object 72400 mapped
PASS al/src/Inquiry/ItemLedgerEntriesExt.PageExt.al object 72313 mapped
PASS al/src/Inquiry/ItemLedgerEntryApi.Page.al object 72214 mapped
PASS al/src/Inquiry/ItemUnitOfMeasureApi.Page.al object 72479 mapped
PASS al/src/Inquiry/LPFactboxBin.Page.al object 72078 mapped
PASS al/src/Inquiry/LPFactboxItem.Page.al object 72077 mapped
PASS al/src/Inquiry/WarehouseEntriesExt.PageExt.al object 72314 mapped
PASS al/src/Inquiry/WarehouseEntryApi.Page.al object 72215 mapped
PASS al/src/Inquiry/WhseEntryExt.TableExt.al object 72402 mapped
PASS al/src/LPPropagation/ItemJournalLineExt.TableExt.al object 72432 mapped
PASS al/src/LPPropagation/ItemLedgerEntryExt.TableExt.al object 72426 mapped
PASS al/src/LPPropagation/LPPropagationSubscriber.Codeunit.al object 72428 mapped
PASS al/src/LPPropagation/PostedWhseReceiptHdrExt.TableExt.al object 72423 mapped
PASS al/src/LPPropagation/PostedWhseShipmentHdrExt.TableExt.al object 72421 mapped
PASS al/src/LPPropagation/PurchRcptLineExt.TableExt.al object 72424 mapped
PASS al/src/LPPropagation/RegdWhseActivityLineExt.TableExt.al object 72449 mapped
PASS al/src/LPPropagation/SalesShipmentLineExt.TableExt.al object 72425 mapped
PASS al/src/LPPropagation/ValueEntryExt.TableExt.al object 72427 mapped
PASS al/src/LPPropagation/WarehouseJournalLineExt.TableExt.al object 72433 mapped
PASS al/src/LPPropagation/WhseReceiptHeaderExt.TableExt.al object 72422 mapped
PASS al/src/LPPropagation/WhseShipmentHeaderExt.TableExt.al object 72420 mapped
PASS al/src/LicensePlate/BinContentSubscriber.Codeunit.al object 72039 mapped
PASS al/src/LicensePlate/LPApi.Page.al object 72088 mapped
PASS al/src/LicensePlate/LPBulkBuildRequest.Table.al object 72008 mapped
PASS al/src/LicensePlate/LPCard.Page.al object 72069 mapped
PASS al/src/LicensePlate/LPHeader.Table.al object 72010 mapped
PASS al/src/LicensePlate/LPLabel.Report.al object 72091 mapped
PASS al/src/LicensePlate/LPLine.Table.al object 72011 mapped
PASS al/src/LicensePlate/LPLineApi.Page.al object 72089 mapped
PASS al/src/LicensePlate/LPLineListPart.Page.al object 72483 mapped
PASS al/src/LicensePlate/LPList.Page.al object 72070 mapped
PASS al/src/LicensePlate/LPManagement.Codeunit.al object 72040 mapped
PASS al/src/LicensePlate/LPMovementLedger.Page.al object 72072 mapped
PASS al/src/LicensePlate/LPMovementLedger.Table.al object 72012 mapped
PASS al/src/LicensePlate/LPNestManager.Codeunit.al object 72041 mapped
PASS al/src/LicensePlate/LPQrDocument.Report.al object 72374 mapped
PASS al/src/LicensePlate/LPTemplate.Table.al object 72013 mapped
PASS al/src/LicensePlate/LPTemplateApi.Page.al object 72280 mapped
PASS al/src/LicensePlate/LPTemplateList.Page.al object 72071 mapped
PASS al/src/LicensePlate/LotSerialGenerator.Codeunit.al object 72218 mapped
PASS al/src/LicensePlate/SSCCGenerator.Codeunit.al object 72042 mapped
PASS al/src/Licensing/LicenseFeature.Enum.al object 72213 mapped
PASS al/src/Licensing/LicenseMgmt.Codeunit.al object 72082 mapped
PASS al/src/Licensing/LicenseStatus.Enum.al object 72211 mapped
PASS al/src/Licensing/LicenseTier.Enum.al object 72212 mapped
PASS al/src/LocalAuth/LocalAuthMgmt.Codeunit.al object 72285 mapped
PASS al/src/LocalAuth/LocalUser.Table.al object 72284 mapped
PASS al/src/LocalAuth/LocalUserApi.Page.al object 72284 mapped
PASS al/src/LocalAuth/LocalUserCard.Page.al object 72286 mapped
PASS al/src/LocalAuth/LocalUserList.Page.al object 72285 mapped
PASS al/src/Movement/MovementApi.Page.al object 72220 mapped
PASS al/src/Movement/MovementLineApi.Page.al object 72350 mapped
PASS al/src/Movement/MovementMgmt.Codeunit.al object 72045 mapped
PASS al/src/Movement/MovementOpsApi.Page.al object 72231 mapped
PASS al/src/Pack/PackMode.Enum.al object 72343 mapped
PASS al/src/Pack/PackOpsApi.Page.al object 72335 mapped
PASS al/src/Pack/PackSession.Table.al object 72332 mapped
PASS al/src/Pack/PackSessionApi.Page.al object 72336 mapped
PASS al/src/Pack/PackSessionLine.Table.al object 72333 mapped
PASS al/src/Pack/PackSessionLineApi.Page.al object 72337 mapped
PASS al/src/Pack/PackSessionList.Page.al object 72340 mapped
PASS al/src/Pack/PackSessionSubform.Page.al object 72341 mapped
PASS al/src/Pack/PackStation.Page.al object 72339 mapped
PASS al/src/Pack/PackStationBulk.Page.al object 72345 mapped
PASS al/src/Pack/PackStationMgmt.Codeunit.al object 72334 mapped
PASS al/src/Pack/PackStationMonoSku.Page.al object 72346 mapped
PASS al/src/Pack/PackStationSolo.Page.al object 72344 mapped
PASS al/src/Pack/PackStatus.Enum.al object 72331 mapped
PASS al/src/Pack/PackingOrder.Table.al object 72359 mapped
PASS al/src/Pack/PackingOrderApi.Page.al object 72360 mapped
PASS al/src/Pack/PackingOrderCard.Page.al object 72362 mapped
PASS al/src/Pack/PackingOrderList.Page.al object 72361 mapped
PASS al/src/Pack/PackingOrderStatus.Enum.al object 72358 mapped
PASS al/src/Pick/LPPickPreference.Codeunit.al object 72439 mapped
PASS al/src/Pick/MonoOrders.Page.al object 72365 mapped
PASS al/src/Pick/MultiOrderPick.Codeunit.al object 72338 mapped
PASS al/src/Pick/MultiOrders.Page.al object 72364 mapped
PASS al/src/Pick/PickApi.Page.al object 72092 mapped
PASS al/src/Pick/PickLineApi.Page.al object 72229 mapped
PASS al/src/Pick/PickMgmt.Codeunit.al object 72046 mapped
PASS al/src/Pick/PickMode.Enum.al object 72349 mapped
PASS al/src/Pick/PickQueue.Page.al object 72083 mapped
PASS al/src/Pick/PickToteAssignment.Table.al object 72330 mapped
PASS al/src/Pick/PickToteAssignmentList.Page.al object 72342 mapped
PASS al/src/Pick/PickingOrderApi.Page.al object 72358 mapped
PASS al/src/Pick/PickingOrderCard.Page.al object 72356 mapped
PASS al/src/Pick/PickingOrderHeader.Table.al object 72352 mapped
PASS al/src/Pick/PickingOrderLine.Table.al object 72353 mapped
PASS al/src/Pick/PickingOrderLines.Page.al object 72355 mapped
PASS al/src/Pick/PickingOrderList.Page.al object 72357 mapped
PASS al/src/Pick/PickingOrderMgmt.Codeunit.al object 72354 mapped
PASS al/src/Pick/PickingOrderStatus.Enum.al object 72351 mapped
PASS al/src/Pick/PickingOrderSuggestion.Table.al object 72354 mapped
PASS al/src/Pick/PickingOrderSuggestions.Page.al object 72363 mapped
PASS al/src/Pick/ReassignHistory.Table.al object 72021 mapped
PASS al/src/Pick/ShortPickReason.Table.al object 72015 mapped
PASS al/src/Pick/ShortPickReasonList.Page.al object 72073 mapped
PASS al/src/Pick/SingleSkuOrders.Page.al object 72366 mapped
PASS al/src/Pick/WhseActivityHeaderExt.TableExt.al object 72429 mapped
PASS al/src/Pick/WhsePickHeaderExt.PageExt.al object 72311 mapped
PASS al/src/Print/AzurePrintBridge.Codeunit.al object 72372 mapped
PASS al/src/Print/AzurePrintSecrets.Page.al object 72372 mapped
PASS al/src/Print/AzurePrintStatus.Codeunit.al object 72375 mapped
PASS al/src/Print/AzurePrintTasks.Codeunit.al object 72373 mapped
PASS al/src/Print/BCPrinterProvider.Codeunit.al object 72367 mapped
PASS al/src/Print/BarcodePrintTest.Report.al object 72373 mapped
PASS al/src/Print/DevicePrinterMap.Table.al object 72288 mapped
PASS al/src/Print/DevicePrinterMapping.Page.al object 72298 mapped
PASS al/src/Print/IWXReportSelection.Table.al object 72007 mapped
PASS al/src/Print/IWXReportSelectionPage.Page.al object 72076 mapped
PASS al/src/Print/IWXReportUsage.Enum.al object 72205 mapped
PASS al/src/Print/PrintDispatcher.Codeunit.al object 72051 mapped
PASS al/src/Print/PrintFormat.Enum.al object 72207 mapped
PASS al/src/Print/PrintJobLog.Page.al object 72079 mapped
PASS al/src/Print/PrintJobLog.Table.al object 72023 mapped
PASS al/src/Print/PrintJobQueue.Page.al object 72368 mapped
PASS al/src/Print/PrintJobQueue.Table.al object 72022 mapped
PASS al/src/Print/PrintNodeClient.Codeunit.al object 72052 mapped
PASS al/src/Print/PrintQueueCleanup.Codeunit.al object 72370 mapped
PASS al/src/Print/Printer.Table.al object 72287 mapped
PASS al/src/Print/PrinterAgentApi.Page.al object 72371 mapped
PASS al/src/Print/PrinterApi.Page.al object 72289 mapped
PASS al/src/Print/PrinterCard.Page.al object 72297 mapped
PASS al/src/Print/PrinterList.Page.al object 72296 mapped
PASS al/src/Print/SelfHostedPrintApi.Page.al object 72299 mapped
PASS al/src/Print/SelfHostedPrintClient.Codeunit.al object 72081 mapped
PASS al/src/Print/ZplEncoder.Codeunit.al object 72376 mapped
PASS al/src/Production/ConsumptionApi.Page.al object 72222 mapped
PASS al/src/Production/OutputApi.Page.al object 72223 mapped
PASS al/src/Production/ProdLPFactbox.Page.al object 72480 mapped
PASS al/src/Production/ProdMgmt.Codeunit.al object 72048 mapped
PASS al/src/Production/ProdOrderExt.PageExt.al object 72308 mapped
PASS al/src/PutAway/DirectedPutAway.Codeunit.al object 72044 mapped
PASS al/src/PutAway/PutAwayApi.Page.al object 72091 mapped
PASS al/src/PutAway/PutAwayLineApi.Page.al object 72228 mapped
PASS al/src/PutAway/WhseActivityExt.PageExt.al object 72306 mapped
PASS al/src/PutAway/WhseActivityLineExt.TableExt.al object 72403 mapped
PASS al/src/Quality/QualityMgmt.Codeunit.al object 72255 mapped
PASS al/src/Quality/QualityOrder.Table.al object 72254 mapped
PASS al/src/Quality/QualityOrderApi.Page.al object 72256 mapped
PASS al/src/QualityMgmt/QualityMgmtBridge.Codeunit.al object 72079 mapped
PASS al/src/Receiving/LotNoInformationExt.TableExt.al object 72430 mapped
PASS al/src/Receiving/PostedWhseReceiptLineExt.TableExt.al object 72404 mapped
PASS al/src/Receiving/PurchaseOrderExt.PageExt.al object 72304 mapped
PASS al/src/Receiving/ReceiptApi.Page.al object 72090 mapped
PASS al/src/Receiving/ReceiptLineApi.Page.al object 72227 mapped
PASS al/src/Receiving/ReceiptMgmt.Codeunit.al object 72043 mapped
PASS al/src/Receiving/ReceivingQueue.Page.al object 72082 mapped
PASS al/src/Receiving/SupplierLotApi.Page.al object 72484 mapped
PASS al/src/Receiving/TransferOrderExt.PageExt.al object 72305 mapped
PASS al/src/Receiving/WhseReceiptExt.PageExt.al object 72303 mapped
PASS al/src/Receiving/WhseReceiptLineExt.TableExt.al object 72431 mapped
PASS al/src/Role/AppFilterCombine.Enum.al object 72271 mapped
PASS al/src/Role/AppFilterEntity.Enum.al object 72270 mapped
PASS al/src/Role/AppRole.Table.al object 72267 mapped
PASS al/src/Role/AppRoleApi.Page.al object 72278 mapped
PASS al/src/Role/AppRoleCard.Page.al object 72275 mapped
PASS al/src/Role/AppRoleFilterMgmt.Codeunit.al object 72272 mapped
PASS al/src/Role/AppRoleFilterRule.Table.al object 72269 mapped
PASS al/src/Role/AppRoleFilterRules.Page.al object 72276 mapped
PASS al/src/Role/AppRoleList.Page.al object 72274 mapped
PASS al/src/Role/AppRoleSeed.Codeunit.al object 72273 mapped
PASS al/src/Role/AppUserRole.Table.al object 72268 mapped
PASS al/src/Role/AppUserRoleApi.Page.al object 72279 mapped
PASS al/src/Role/AppUserRoleList.Page.al object 72288 mapped
PASS al/src/Role/AppUserRoles.Page.al object 72277 mapped
PASS al/src/Role/QuickUserAssign.Page.al object 72287 mapped
PASS al/src/Role/QuickUserProvisioner.Codeunit.al object 72281 mapped
PASS al/src/RoleCenter/DynOpsWMSActivities.Page.al object 72096 mapped
PASS al/src/RoleCenter/DynOpsWMSCue.Table.al object 72027 mapped
PASS al/src/RoleCenter/DynOpsWMSRC.Page.al object 72095 mapped
PASS al/src/RoleCenter/PackerActivities.Page.al object 72348 mapped
PASS al/src/RoleCenter/PackerRC.Page.al object 72347 mapped
PASS al/src/RoleCenter/WarehouseManagerActivities.Page.al object 72489 mapped
PASS al/src/RoleCenter/WarehouseManagerCue.Table.al object 72026 mapped
PASS al/src/RoleCenter/WarehouseManagerRC.Page.al object 72081 mapped
PASS al/src/Setup/ConfigCheck.Page.al object 72261 mapped
PASS al/src/Setup/ConfigCheck.Table.al object 72259 mapped
PASS al/src/Setup/ConfigChecker.Codeunit.al object 72260 mapped
PASS al/src/Setup/DemoDataSetup.Codeunit.al object 72058 mapped
PASS al/src/Setup/DemoTransactions.Codeunit.al object 72059 mapped
PASS al/src/Setup/E2ETestData.Codeunit.al object 72060 mapped
PASS al/src/Setup/Entitlement.Codeunit.al object 72056 mapped
PASS al/src/Setup/LPNumberSeriesSetup.Codeunit.al object 72057 mapped
PASS al/src/Setup/PrintChannel.Enum.al object 72203 mapped
PASS al/src/Setup/ScenarioGenerator.Codeunit.al object 72072 mapped
PASS al/src/Setup/Setup.Page.al object 72061 mapped
PASS al/src/Setup/Setup.Table.al object 72000 mapped
PASS al/src/Setup/SetupWizard.Codeunit.al object 72031 mapped
PASS al/src/Setup/WMSTokenHelp.Page.al object 72009 mapped
PASS al/src/Setup/WebServicePublisher.Codeunit.al object 72257 mapped
PASS al/src/Ship/AvailableLotApi.Query.al object 72485 mapped
PASS al/src/Ship/PostedWhseShipmentLineExt.TableExt.al object 72405 mapped
PASS al/src/Ship/SalesHeaderExt.TableExt.al object 72408 mapped
PASS al/src/Ship/SalesOrderExt.PageExt.al object 72312 mapped
PASS al/src/Ship/ShipmentApi.Page.al object 72093 mapped
PASS al/src/Ship/ShipmentLPFactbox.Page.al object 72486 mapped
PASS al/src/Ship/ShipmentLineApi.Page.al object 72094 mapped
PASS al/src/Ship/ShipmentMgmt.Codeunit.al object 72047 mapped
PASS al/src/Ship/ShipmentQueue.Page.al object 72084 mapped
PASS al/src/Ship/WhseShipmentExt.PageExt.al object 72307 mapped
PASS al/src/Ship/WhseShipmentLineExt.TableExt.al object 72406 mapped
PASS al/src/SourceDocs/PurchSourceApi.Page.al object 72292 mapped
PASS al/src/SourceDocs/PurchSourceLineApi.Page.al object 72293 mapped
PASS al/src/SourceDocs/PurchSourceMgmt.Codeunit.al object 72290 mapped
PASS al/src/SourceDocs/SalesSourceApi.Page.al object 72294 mapped
PASS al/src/SourceDocs/SalesSourceLineApi.Page.al object 72295 mapped
PASS al/src/SourceDocs/SalesSourceMgmt.Codeunit.al object 72291 mapped
PASS al/src/Subcontract/SubcontractComponentApi.Page.al object 72442 mapped
PASS al/src/Subcontract/SubcontractDispatch.Table.al object 72440 mapped
PASS al/src/Subcontract/SubcontractEDespatchApi.Page.al object 72451 mapped
PASS al/src/Subcontract/SubcontractEDespatchMgmt.Codeunit.al object 72450 mapped
PASS al/src/Subcontract/SubcontractEDespatchOutbox.Table.al object 72449 mapped
PASS al/src/Subcontract/SubcontractEDespatchTask.Codeunit.al object 72452 mapped
PASS al/src/Subcontract/SubcontractMgmt.Codeunit.al object 72443 mapped
PASS al/src/Subcontract/SubcontractOrderApi.Page.al object 72441 mapped
PASS al/src/Subcontract/SubcontractReceipt.Table.al object 72444 mapped
PASS al/src/Subcontract/SubcontractReceiptApi.Page.al object 72445 mapped
PASS al/src/Subcontract/SubcontractReceiptMgmt.Codeunit.al object 72446 mapped
PASS al/src/Subcontract/SubcontractTransferHeaderExt.TableExt.al object 72447 mapped
PASS al/src/Subcontract/SubcontractTransferShipmentExt.TableExt.al object 72448 mapped
PASS al/src/Sync/SyncConflict.Table.al object 72019 mapped
PASS al/src/Sync/SyncConflictList.Page.al object 72080 mapped
PASS al/src/Sync/SyncConflictStatus.Enum.al object 72208 mapped
PASS al/src/Telemetry/Telemetry.Codeunit.al object 72032 mapped
PASS al/src/Telemetry/TelemetryBuffer.Table.al object 72024 mapped
PASS al/src/Test/PostingSmokeTest.Codeunit.al object 72252 mapped
PASS al/src/Test/PostingTestApi.Page.al object 72253 mapped
PASS al/src/Test/PostingTestResult.Table.al object 72251 mapped
PASS al/src/Test/TestAutoCount.Codeunit.al object 72069 mapped
PASS al/src/Test/TestAutoLP.Codeunit.al object 72065 mapped
PASS al/src/Test/TestAutoMove.Codeunit.al object 72068 mapped
PASS al/src/Test/TestAutoPickShip.Codeunit.al object 72067 mapped
PASS al/src/Test/TestAutoProduction.Codeunit.al object 72070 mapped
PASS al/src/Test/TestAutoReceive.Codeunit.al object 72066 mapped
PASS al/src/Test/TestAutoSetup.Codeunit.al object 72064 mapped
PASS al/src/Test/TestAutoSystem.Codeunit.al object 72071 mapped
PASS al/src/Test/TestCase.Table.al object 72028 mapped
PASS al/src/Test/TestCaseCard.Page.al object 72241 mapped
PASS al/src/Test/TestCaseList.Page.al object 72240 mapped
PASS al/src/Test/TestCatalogSeed.Codeunit.al object 72061 mapped
PASS al/src/Test/TestCenter.Page.al object 72248 mapped
PASS al/src/Test/TestEnvironment.Table.al object 72029 mapped
PASS al/src/Test/TestEnvironmentList.Page.al object 72245 mapped
PASS al/src/Test/TestResultHelper.Codeunit.al object 72063 mapped
PASS al/src/Test/TestRun.Table.al object 72032 mapped
PASS al/src/Test/TestRunApi.Page.al object 72249 mapped
PASS al/src/Test/TestRunCard.Page.al object 72243 mapped
PASS al/src/Test/TestRunList.Page.al object 72242 mapped
PASS al/src/Test/TestRunResult.Table.al object 72033 mapped
PASS al/src/Test/TestRunResultApi.Page.al object 72250 mapped
PASS al/src/Test/TestRunResultLines.Page.al object 72244 mapped
PASS al/src/Test/TestRunner.Codeunit.al object 72062 mapped
PASS al/src/Test/TestUserGroup.Table.al object 72030 mapped
PASS al/src/Test/TestUserGroupList.Page.al object 72246 mapped
PASS al/src/Test/TestUserGroupMember.Table.al object 72031 mapped
PASS al/src/Test/TestUserGroupMembers.Page.al object 72247 mapped
PASS al/src/Upgrade/Install.Codeunit.al object 72033 mapped
PASS al/src/Upgrade/MigrateFromWI.Codeunit.al object 72055 mapped
PASS al/src/Upgrade/MigrateFromWI.Page.al object 72488 mapped
PASS al/src/Upgrade/MigrationMapWI.Table.al object 72025 mapped
PASS al/src/Upgrade/Upgrade.Codeunit.al object 72034 mapped
