To honour the JVM settings for this build a single-use Daemon process will be forked. For more on this, please refer to https://docs.gradle.org/8.13/userguide/gradle_daemon.html#sec:disabling_the_daemon in the Gradle documentation.
Daemon will be stopped at the end of the build 
> Task :app:checkKotlinGradlePluginConfigurationErrors SKIPPED
> Task :app:preBuild UP-TO-DATE
> Task :app:preBadeDebugBuild UP-TO-DATE
> Task :app:generateBadeDebugBuildConfig UP-TO-DATE
> Task :core-design:preBuild UP-TO-DATE
> Task :core-design:preDebugBuild UP-TO-DATE
> Task :core-design:writeDebugAarMetadata UP-TO-DATE
> Task :app:checkBadeDebugAarMetadata UP-TO-DATE
> Task :app:generateBadeDebugResValues UP-TO-DATE
> Task :core-design:generateDebugResValues UP-TO-DATE
> Task :core-design:generateDebugResources UP-TO-DATE
> Task :core-design:packageDebugResources UP-TO-DATE
> Task :app:mapBadeDebugSourceSetPaths UP-TO-DATE
> Task :app:generateBadeDebugResources UP-TO-DATE
> Task :app:mergeBadeDebugResources UP-TO-DATE
> Task :app:packageBadeDebugResources UP-TO-DATE
> Task :app:parseBadeDebugLocalResources UP-TO-DATE
> Task :app:createBadeDebugCompatibleScreenManifests UP-TO-DATE
> Task :app:extractDeepLinksBadeDebug UP-TO-DATE
> Task :core-design:extractDeepLinksDebug UP-TO-DATE
> Task :core-design:processDebugManifest UP-TO-DATE
> Task :app:processBadeDebugMainManifest UP-TO-DATE
> Task :app:processBadeDebugManifest UP-TO-DATE
> Task :app:processBadeDebugManifestForPackage UP-TO-DATE
> Task :core-design:compileDebugLibraryResources UP-TO-DATE
> Task :core-design:parseDebugLocalResources UP-TO-DATE
> Task :core-design:generateDebugRFile UP-TO-DATE
> Task :app:processBadeDebugResources UP-TO-DATE
> Task :core-design:checkKotlinGradlePluginConfigurationErrors SKIPPED
> Task :core-design:compileDebugKotlin UP-TO-DATE
> Task :core-design:javaPreCompileDebug UP-TO-DATE
> Task :core-design:compileDebugJavaWithJavac NO-SOURCE
> Task :core-design:bundleLibCompileToJarDebug UP-TO-DATE
> Task :app:compileBadeDebugKotlin
w: file:///Users/kaanodabas/Desktop/EL_TERMINAL/WMS/android/app/src/main/java/com/dynops/bcwms/feature/BulkLpBuildSheet.kt:833:56 'fun Modifier.menuAnchor(): Modifier' is deprecated. Use overload that takes MenuAnchorType and enabled parameters.
w: file:///Users/kaanodabas/Desktop/EL_TERMINAL/WMS/android/app/src/main/java/com/dynops/bcwms/feature/CountV2Module.kt:295:64 'fun Modifier.menuAnchor(): Modifier' is deprecated. Use overload that takes MenuAnchorType and enabled parameters.
w: file:///Users/kaanodabas/Desktop/EL_TERMINAL/WMS/android/app/src/main/java/com/dynops/bcwms/feature/LicensePlateModule.kt:1072:52 'fun Modifier.menuAnchor(): Modifier' is deprecated. Use overload that takes MenuAnchorType and enabled parameters.
w: file:///Users/kaanodabas/Desktop/EL_TERMINAL/WMS/android/app/src/main/java/com/dynops/bcwms/feature/LicensePlateModule.kt:1094:52 'fun Modifier.menuAnchor(): Modifier' is deprecated. Use overload that takes MenuAnchorType and enabled parameters.
w: file:///Users/kaanodabas/Desktop/EL_TERMINAL/WMS/android/app/src/main/java/com/dynops/bcwms/feature/MoveAndCountModules.kt:929:64 'fun Modifier.menuAnchor(): Modifier' is deprecated. Use overload that takes MenuAnchorType and enabled parameters.
w: file:///Users/kaanodabas/Desktop/EL_TERMINAL/WMS/android/app/src/main/java/com/dynops/bcwms/scanner/ScanField.kt:169:26 'val LocalLifecycleOwner: ProvidableCompositionLocal<LifecycleOwner>' is deprecated. Moved to lifecycle-runtime-compose library in androidx.lifecycle.compose package.
w: file:///Users/kaanodabas/Desktop/EL_TERMINAL/WMS/android/app/src/main/java/com/dynops/bcwms/ui/QuantityDialogSheet.kt:205:45 'fun Modifier.menuAnchor(): Modifier' is deprecated. Use overload that takes MenuAnchorType and enabled parameters.

> Task :app:javaPreCompileBadeDebug UP-TO-DATE
> Task :app:compileBadeDebugJavaWithJavac UP-TO-DATE
> Task :app:bundleBadeDebugClassesToRuntimeJar
> Task :app:bundleBadeDebugClassesToCompileJar
> Task :app:compileBadeDebugUnitTestKotlin
> Task :app:preBadeDebugUnitTestBuild UP-TO-DATE
> Task :app:javaPreCompileBadeDebugUnitTest UP-TO-DATE
> Task :app:compileBadeDebugUnitTestJavaWithJavac NO-SOURCE
> Task :app:processBadeDebugJavaRes UP-TO-DATE
> Task :app:processBadeDebugUnitTestJavaRes UP-TO-DATE
> Task :core-design:bundleLibRuntimeToJarDebug UP-TO-DATE
> Task :core-design:processDebugJavaRes UP-TO-DATE
> Task :app:testBadeDebugUnitTest
> Task :app:preDynopsDebugBuild UP-TO-DATE
> Task :app:generateDynopsDebugBuildConfig
> Task :app:checkDynopsDebugAarMetadata
> Task :app:generateDynopsDebugResValues
> Task :app:mapDynopsDebugSourceSetPaths
> Task :app:generateDynopsDebugResources
> Task :app:mergeDynopsDebugResources
> Task :app:packageDynopsDebugResources
> Task :app:parseDynopsDebugLocalResources
> Task :app:createDynopsDebugCompatibleScreenManifests
> Task :app:extractDeepLinksDynopsDebug
> Task :app:processDynopsDebugMainManifest
> Task :app:processDynopsDebugManifest
> Task :app:processDynopsDebugManifestForPackage
> Task :app:processDynopsDebugResources
> Task :app:compileDynopsDebugKotlin
w: file:///Users/kaanodabas/Desktop/EL_TERMINAL/WMS/android/app/src/main/java/com/dynops/bcwms/feature/BulkLpBuildSheet.kt:833:56 'fun Modifier.menuAnchor(): Modifier' is deprecated. Use overload that takes MenuAnchorType and enabled parameters.
w: file:///Users/kaanodabas/Desktop/EL_TERMINAL/WMS/android/app/src/main/java/com/dynops/bcwms/feature/CountV2Module.kt:295:64 'fun Modifier.menuAnchor(): Modifier' is deprecated. Use overload that takes MenuAnchorType and enabled parameters.
w: file:///Users/kaanodabas/Desktop/EL_TERMINAL/WMS/android/app/src/main/java/com/dynops/bcwms/feature/LicensePlateModule.kt:1072:52 'fun Modifier.menuAnchor(): Modifier' is deprecated. Use overload that takes MenuAnchorType and enabled parameters.
w: file:///Users/kaanodabas/Desktop/EL_TERMINAL/WMS/android/app/src/main/java/com/dynops/bcwms/feature/LicensePlateModule.kt:1094:52 'fun Modifier.menuAnchor(): Modifier' is deprecated. Use overload that takes MenuAnchorType and enabled parameters.
w: file:///Users/kaanodabas/Desktop/EL_TERMINAL/WMS/android/app/src/main/java/com/dynops/bcwms/feature/MoveAndCountModules.kt:929:64 'fun Modifier.menuAnchor(): Modifier' is deprecated. Use overload that takes MenuAnchorType and enabled parameters.
w: file:///Users/kaanodabas/Desktop/EL_TERMINAL/WMS/android/app/src/main/java/com/dynops/bcwms/scanner/ScanField.kt:169:26 'val LocalLifecycleOwner: ProvidableCompositionLocal<LifecycleOwner>' is deprecated. Moved to lifecycle-runtime-compose library in androidx.lifecycle.compose package.
w: file:///Users/kaanodabas/Desktop/EL_TERMINAL/WMS/android/app/src/main/java/com/dynops/bcwms/ui/QuantityDialogSheet.kt:205:45 'fun Modifier.menuAnchor(): Modifier' is deprecated. Use overload that takes MenuAnchorType and enabled parameters.

> Task :app:javaPreCompileDynopsDebug
> Task :app:compileDynopsDebugJavaWithJavac
> Task :app:bundleDynopsDebugClassesToRuntimeJar
> Task :app:bundleDynopsDebugClassesToCompileJar
> Task :app:compileDynopsDebugUnitTestKotlin
> Task :app:preDynopsDebugUnitTestBuild UP-TO-DATE
> Task :app:javaPreCompileDynopsDebugUnitTest
> Task :app:compileDynopsDebugUnitTestJavaWithJavac NO-SOURCE
> Task :app:processDynopsDebugJavaRes
> Task :app:processDynopsDebugUnitTestJavaRes
> Task :app:testDynopsDebugUnitTest
> Task :app:preEmuDebugBuild UP-TO-DATE
> Task :app:generateEmuDebugBuildConfig
> Task :app:checkEmuDebugAarMetadata
> Task :app:generateEmuDebugResValues UP-TO-DATE
> Task :app:mapEmuDebugSourceSetPaths
> Task :app:generateEmuDebugResources
> Task :app:mergeEmuDebugResources
> Task :app:packageEmuDebugResources
> Task :app:parseEmuDebugLocalResources
> Task :app:createEmuDebugCompatibleScreenManifests
> Task :app:extractDeepLinksEmuDebug
> Task :app:processEmuDebugMainManifest
> Task :app:processEmuDebugManifest
> Task :app:processEmuDebugManifestForPackage
> Task :app:processEmuDebugResources
> Task :app:compileEmuDebugKotlin
e: file:///Users/kaanodabas/Desktop/EL_TERMINAL/WMS/android/app/src/main/java/com/dynops/bcwms/feature/ProductionAssemblyModules.kt:3:28 Unresolved reference 'toFiniteDoubleOrNull'.
e: file:///Users/kaanodabas/Desktop/EL_TERMINAL/WMS/android/app/src/main/java/com/dynops/bcwms/feature/ProductionAssemblyModules.kt:329:67 Unresolved reference 'toFiniteDoubleOrNull'.
e: file:///Users/kaanodabas/Desktop/EL_TERMINAL/WMS/android/app/src/main/java/com/dynops/bcwms/feature/ProductionAssemblyModules.kt:330:27 Unresolved reference 'toFiniteDoubleOrNull'.
e: file:///Users/kaanodabas/Desktop/EL_TERMINAL/WMS/android/app/src/main/java/com/dynops/bcwms/feature/ProductionAssemblyModules.kt:447:70 Unresolved reference 'toFiniteDoubleOrNull'.
e: file:///Users/kaanodabas/Desktop/EL_TERMINAL/WMS/android/app/src/main/java/com/dynops/bcwms/feature/ProductionAssemblyModules.kt:448:30 Unresolved reference 'toFiniteDoubleOrNull'.
e: file:///Users/kaanodabas/Desktop/EL_TERMINAL/WMS/android/app/src/main/java/com/dynops/bcwms/feature/ProductionAssemblyModules.kt:448:70 Unresolved reference 'toFiniteDoubleOrNull'.
e: file:///Users/kaanodabas/Desktop/EL_TERMINAL/WMS/android/app/src/main/java/com/dynops/bcwms/feature/ProductionAssemblyModules.kt:448:109 Unresolved reference 'toFiniteDoubleOrNull'.
e: file:///Users/kaanodabas/Desktop/EL_TERMINAL/WMS/android/app/src/main/java/com/dynops/bcwms/feature/ProductionAssemblyModules.kt:714:33 Unresolved reference 'toFiniteDoubleOrNull'.
e: file:///Users/kaanodabas/Desktop/EL_TERMINAL/WMS/android/app/src/main/java/com/dynops/bcwms/feature/ProductionAssemblyModules.kt:715:46 Unresolved reference 'isFinite'.
e: file:///Users/kaanodabas/Desktop/EL_TERMINAL/WMS/android/app/src/main/java/com/dynops/bcwms/feature/ProductionAssemblyModules.kt:715:69 Unresolved reference 'compareTo'.
e: file:///Users/kaanodabas/Desktop/EL_TERMINAL/WMS/android/app/src/main/java/com/dynops/bcwms/feature/ProductionAssemblyModules.kt:715:88 Unresolved reference 'compareTo'.
e: file:///Users/kaanodabas/Desktop/EL_TERMINAL/WMS/android/app/src/main/java/com/dynops/bcwms/feature/ProductionAssemblyModules.kt:743:39 Cannot infer type for this parameter. Please specify it explicitly.
e: file:///Users/kaanodabas/Desktop/EL_TERMINAL/WMS/android/app/src/main/java/com/dynops/bcwms/feature/PutAwayShipModules.kt:3:28 Unresolved reference 'toFiniteDoubleOrNull'.
e: file:///Users/kaanodabas/Desktop/EL_TERMINAL/WMS/android/app/src/main/java/com/dynops/bcwms/feature/PutAwayShipModules.kt:1240:48 Unresolved reference 'toFiniteDoubleOrNull'.
e: file:///Users/kaanodabas/Desktop/EL_TERMINAL/WMS/android/app/src/main/java/com/dynops/bcwms/feature/PutAwayShipModules.kt:1277:43 Unresolved reference 'toFiniteDoubleOrNull'.
e: file:///Users/kaanodabas/Desktop/EL_TERMINAL/WMS/android/app/src/main/java/com/dynops/bcwms/feature/PutAwayShipModules.kt:1283:37 Unresolved reference 'compareTo'.
e: file:///Users/kaanodabas/Desktop/EL_TERMINAL/WMS/android/app/src/main/java/com/dynops/bcwms/feature/PutAwayShipModules.kt:1284:54 Unresolved reference 'compareTo'.
e: file:///Users/kaanodabas/Desktop/EL_TERMINAL/WMS/android/app/src/main/java/com/dynops/bcwms/feature/SubcontractingModule.kt:3:28 Unresolved reference 'toFiniteDoubleOrNull'.
e: file:///Users/kaanodabas/Desktop/EL_TERMINAL/WMS/android/app/src/main/java/com/dynops/bcwms/feature/SubcontractingModule.kt:541:49 Unresolved reference 'toFiniteDoubleOrNull'.
e: file:///Users/kaanodabas/Desktop/EL_TERMINAL/WMS/android/app/src/main/java/com/dynops/bcwms/feature/SubcontractingModule.kt:616:56 Unresolved reference 'toFiniteDoubleOrNull'.
e: file:///Users/kaanodabas/Desktop/EL_TERMINAL/WMS/android/app/src/main/java/com/dynops/bcwms/feature/SubcontractingModule.kt:745:76 Unresolved reference 'toFiniteDoubleOrNull'.
e: file:///Users/kaanodabas/Desktop/EL_TERMINAL/WMS/android/app/src/main/java/com/dynops/bcwms/feature/SubcontractingModule.kt:934:74 Unresolved reference 'toFiniteDoubleOrNull'.

> Task :app:compileEmuDebugKotlin FAILED

[Incubating] Problems report is available at: file:///Users/kaanodabas/Desktop/EL_TERMINAL/WMS/android/build/reports/problems/problems-report.html

FAILURE: Build failed with an exception.

* What went wrong:
Execution failed for task ':app:compileEmuDebugKotlin'.
> A failure occurred while executing org.jetbrains.kotlin.compilerRunner.GradleCompilerRunnerWithWorkers$GradleKotlinCompilerWorkAction
   > Compilation error. See log for more details

* Try:
> Run with --stacktrace option to get the stack trace.
> Run with --info or --debug option to get more log output.
> Run with --scan to get full insights.
> Get more help at https://help.gradle.org.

Deprecated Gradle features were used in this build, making it incompatible with Gradle 9.0.

You can use '--warning-mode all' to show the individual deprecation warnings and determine if they come from your own scripts or plugins.

For more on this, please refer to https://docs.gradle.org/8.13/userguide/command_line_interface.html#sec:command_line_warnings in the Gradle documentation.

BUILD FAILED in 6m 2s
77 actionable tasks: 43 executed, 34 up-to-date
