To honour the JVM settings for this build a single-use Daemon process will be forked. For more on this, please refer to https://docs.gradle.org/8.13/userguide/gradle_daemon.html#sec:disabling_the_daemon in the Gradle documentation.
Daemon will be stopped at the end of the build 
> Task :app:checkKotlinGradlePluginConfigurationErrors SKIPPED
> Task :app:preBuild UP-TO-DATE
> Task :app:preEmuDebugBuild UP-TO-DATE
> Task :app:generateEmuDebugBuildConfig UP-TO-DATE
> Task :core-design:preBuild UP-TO-DATE
> Task :core-design:preDebugBuild UP-TO-DATE
> Task :core-design:writeDebugAarMetadata UP-TO-DATE
> Task :app:checkEmuDebugAarMetadata
> Task :app:generateEmuDebugResValues UP-TO-DATE
> Task :core-design:generateDebugResValues UP-TO-DATE
> Task :core-design:generateDebugResources UP-TO-DATE
> Task :core-design:packageDebugResources UP-TO-DATE
> Task :app:mapEmuDebugSourceSetPaths
> Task :app:generateEmuDebugResources
> Task :app:mergeEmuDebugResources
> Task :app:packageEmuDebugResources
> Task :app:parseEmuDebugLocalResources
> Task :app:createEmuDebugCompatibleScreenManifests
> Task :app:extractDeepLinksEmuDebug
> Task :core-design:extractDeepLinksDebug UP-TO-DATE
> Task :core-design:processDebugManifest UP-TO-DATE
> Task :app:processEmuDebugMainManifest
> Task :app:processEmuDebugManifest
> Task :app:processEmuDebugManifestForPackage
> Task :core-design:compileDebugLibraryResources UP-TO-DATE
> Task :core-design:parseDebugLocalResources UP-TO-DATE
> Task :core-design:generateDebugRFile UP-TO-DATE
> Task :app:processEmuDebugResources
> Task :core-design:checkKotlinGradlePluginConfigurationErrors SKIPPED
> Task :core-design:compileDebugKotlin UP-TO-DATE
> Task :core-design:javaPreCompileDebug UP-TO-DATE
> Task :core-design:compileDebugJavaWithJavac NO-SOURCE
> Task :core-design:bundleLibCompileToJarDebug UP-TO-DATE
> Task :app:compileEmuDebugKotlin
w: file:///Users/kaanodabas/Desktop/EL_TERMINAL/WMS/android/app/src/main/java/com/dynops/bcwms/feature/BulkLpBuildSheet.kt:835:56 'fun Modifier.menuAnchor(): Modifier' is deprecated. Use overload that takes MenuAnchorType and enabled parameters.
w: file:///Users/kaanodabas/Desktop/EL_TERMINAL/WMS/android/app/src/main/java/com/dynops/bcwms/feature/CountV2Module.kt:295:64 'fun Modifier.menuAnchor(): Modifier' is deprecated. Use overload that takes MenuAnchorType and enabled parameters.
w: file:///Users/kaanodabas/Desktop/EL_TERMINAL/WMS/android/app/src/main/java/com/dynops/bcwms/feature/LicensePlateModule.kt:1074:52 'fun Modifier.menuAnchor(): Modifier' is deprecated. Use overload that takes MenuAnchorType and enabled parameters.
w: file:///Users/kaanodabas/Desktop/EL_TERMINAL/WMS/android/app/src/main/java/com/dynops/bcwms/feature/LicensePlateModule.kt:1096:52 'fun Modifier.menuAnchor(): Modifier' is deprecated. Use overload that takes MenuAnchorType and enabled parameters.
w: file:///Users/kaanodabas/Desktop/EL_TERMINAL/WMS/android/app/src/main/java/com/dynops/bcwms/feature/MoveAndCountModules.kt:931:64 'fun Modifier.menuAnchor(): Modifier' is deprecated. Use overload that takes MenuAnchorType and enabled parameters.
w: file:///Users/kaanodabas/Desktop/EL_TERMINAL/WMS/android/app/src/main/java/com/dynops/bcwms/scanner/ScanField.kt:169:26 'val LocalLifecycleOwner: ProvidableCompositionLocal<LifecycleOwner>' is deprecated. Moved to lifecycle-runtime-compose library in androidx.lifecycle.compose package.
w: file:///Users/kaanodabas/Desktop/EL_TERMINAL/WMS/android/app/src/main/java/com/dynops/bcwms/ui/QuantityDialogSheet.kt:205:45 'fun Modifier.menuAnchor(): Modifier' is deprecated. Use overload that takes MenuAnchorType and enabled parameters.

> Task :app:javaPreCompileEmuDebug
> Task :app:compileEmuDebugJavaWithJavac
> Task :app:bundleEmuDebugClassesToRuntimeJar
> Task :app:bundleEmuDebugClassesToCompileJar
> Task :app:compileEmuDebugUnitTestKotlin
> Task :app:preEmuDebugUnitTestBuild UP-TO-DATE
> Task :app:javaPreCompileEmuDebugUnitTest
> Task :app:compileEmuDebugUnitTestJavaWithJavac NO-SOURCE
> Task :app:processEmuDebugJavaRes
> Task :app:processEmuDebugUnitTestJavaRes
> Task :core-design:bundleLibRuntimeToJarDebug UP-TO-DATE
> Task :core-design:processDebugJavaRes UP-TO-DATE
> Task :app:testEmuDebugUnitTest
> Task :app:preBadeDebugBuild UP-TO-DATE
> Task :app:generateBadeDebugBuildConfig UP-TO-DATE
> Task :app:checkBadeDebugAarMetadata
> Task :app:generateBadeDebugResValues UP-TO-DATE
> Task :app:mapBadeDebugSourceSetPaths
> Task :app:generateBadeDebugResources
> Task :app:mergeBadeDebugResources
> Task :app:packageBadeDebugResources
> Task :app:parseBadeDebugLocalResources
> Task :app:createBadeDebugCompatibleScreenManifests
> Task :app:extractDeepLinksBadeDebug
> Task :app:processBadeDebugMainManifest
> Task :app:processBadeDebugManifest
> Task :app:processBadeDebugManifestForPackage
> Task :app:processBadeDebugResources
> Task :app:compileBadeDebugKotlin
