Lockfile is up to date, resolution step is skipped
Progress: resolved 1, reused 0, downloaded 0, added 0
Packages: +402
++++++++++++++++++++++++++++++++++++++++++++++++++++++++++++++++++++++++++++++++
Progress: resolved 402, reused 0, downloaded 58, added 57
Progress: resolved 402, reused 0, downloaded 185, added 185
Progress: resolved 402, reused 0, downloaded 306, added 305
Progress: resolved 402, reused 0, downloaded 372, added 372
Progress: resolved 402, reused 0, downloaded 400, added 400
Progress: resolved 402, reused 0, downloaded 401, added 401
Progress: resolved 402, reused 0, downloaded 402, added 402, done

dependencies:
+ @vitejs/plugin-react 4.7.0
+ i18next 24.2.3
+ react 19.2.7
+ react-dnd 16.0.1
+ react-dnd-html5-backend 16.0.1
+ react-dom 19.2.7
+ react-i18next 15.7.4
+ vite 5.4.21
+ vite-plugin-pwa 0.21.2
+ workbox-window 7.4.1

devDependencies:
+ @playwright/test 1.61.0
+ @types/react 19.2.17
+ @types/react-dom 19.2.3
+ typescript 5.6.3
+ vitest 2.1.9

Done in 7.1s
